=== p1_perm_cba 10:57:18
    exit=0 samples=20
=== p2_perm_bca 10:59:13
    exit=0 samples=20
=== p3_distractor_d 11:00:42
    exit=1 samples=14
=== p4_both_pillfirst 11:01:47
    exit=1 samples=0
=== p5_doctor_ctx 11:01:51
    exit=0 samples=20
=== p6_instr_in_user 11:06:14
    exit=0 samples=20
=== p7_evening 11:08:00
    exit=0 samples=20
=== p8_unforced 11:10:29
    exit=0 samples=20
=== p9_prefill 11:11:34
    exit=0 samples=20
=== p10_terse_sys 11:12:27
    exit=0 samples=20
=== DONE 11:13:23
